
ASUS@LAPTOP-89VBBJAP MINGW64 ~ (master)
$ mkdir practical

ASUS@LAPTOP-89VBBJAP MINGW64 ~ (master)
$ cd practical

ASUS@LAPTOP-89VBBJAP MINGW64 ~/practical (master)
$ git init
Initialized empty Git repository in C:/Users/ASUS/practical/.git/

ASUS@LAPTOP-89VBBJAP MINGW64 ~/practical (master)
$ git add aboutme_githmi.html

ASUS@LAPTOP-89VBBJAP MINGW64 ~/practical (master)
$ git status
On branch master

No commits yet

Changes to be committed:
  (use "git rm --cached <file>..." to unstage)
        new file:   aboutme_githmi.html


ASUS@LAPTOP-89VBBJAP MINGW64 ~/practical (master)
$ git commit -am "commit all in once"
[master (root-commit) 75aa60e] commit all in once
 1 file changed, 0 insertions(+), 0 deletions(-)
 create mode 100644 aboutme_githmi.html

ASUS@LAPTOP-89VBBJAP MINGW64 ~/practical (master)
$ git branch
* master

ASUS@LAPTOP-89VBBJAP MINGW64 ~/practical (master)
$ git branch githmi

ASUS@LAPTOP-89VBBJAP MINGW64 ~/practical (master)
$ git branch
  githmi
* master

ASUS@LAPTOP-89VBBJAP MINGW64 ~/practical (master)
$ git checkout githmi
Switched to branch 'githmi'

ASUS@LAPTOP-89VBBJAP MINGW64 ~/practical (githmi)
$ git add aboutme_githmi.html

ASUS@LAPTOP-89VBBJAP MINGW64 ~/practical (githmi)
$ git commit -am "commit all"
[githmi 94e5d81] commit all
 1 file changed, 23 insertions(+)

ASUS@LAPTOP-89VBBJAP MINGW64 ~/practical (githmi)
$ git checkout master
Switched to branch 'master'

ASUS@LAPTOP-89VBBJAP MINGW64 ~/practical (master)
$ git branch
  githmi
* master

ASUS@LAPTOP-89VBBJAP MINGW64 ~/practical (master)
$ git status
On branch master
nothing to commit, working tree clean

ASUS@LAPTOP-89VBBJAP MINGW64 ~/practical (master)
$ git pull origin githmi
fatal: 'origin' does not appear to be a git repository
fatal: Could not read from remote repository.

Please make sure you have the correct access rights
and the repository exists.

ASUS@LAPTOP-89VBBJAP MINGW64 ~/practical (master)
$ git pull origin master
fatal: 'origin' does not appear to be a git repository
fatal: Could not read from remote repository.

Please make sure you have the correct access rights
and the repository exists.

ASUS
